Microchip MPLAB XC8 Compiler V2.05 ()

Linker command line:

-W-3 --edf=C:\Program Files (x86)\Microchip\xc8\v2.05\pic\dat\en_msgs.txt \
  -cs -h+dist/default/production\LCD_Configuracion.X.production.sym \
  --cmf=dist/default/production\LCD_Configuracion.X.production.cmf -z \
  -Q18F4550 -oC:\Users\Wels\AppData\Local\Temp\s3r4.2 \
  --defsym=__MPLAB_BUILD=1 \
  -Mdist/default/production/LCD_Configuracion.X.production.map -E1 -ver=XC8 \
  --acfsm=1493 -ASTACK=060h-07FFh -pstack=STACK -ACODE=00h-07FFFh \
  -ACONST=00h-07FFFh -ASMALLCONST=0800h-08FFhx120 \
  -AMEDIUMCONST=0800h-07FFFh -ACOMRAM=01h-05Fh -AABS1=00h-07FFh \
  -ABIGRAM=01h-07FFh -ARAM=060h-0FFh,0100h-01FFhx7 -ABANK0=060h-0FFh \
  -ABANK1=0100h-01FFh -ABANK2=0200h-02FFh -ABANK3=0300h-03FFh \
  -ABANK4=0400h-04FFh -ABANK5=0500h-05FFh -ABANK6=0600h-06FFh \
  -ABANK7=0700h-07FFh -ASFR=0F60h-0FFFh \
  -preset_vec=00h,intcode,intcodelo,powerup,init -pramtop=0800h \
  -psmallconst=SMALLCONST -pmediumconst=MEDIUMCONST -pconst=CONST \
  -AFARRAM=00h-00h -ACONFIG=0300000h-030000Dh -pconfig=CONFIG \
  -AIDLOC=0200000h-0200007h -pidloc=IDLOC -AEEDATA=0F00000h-0F000FFh \
  -peeprom_data=EEDATA \
  -prdata=COMRAM,nvrram=COMRAM,nvbit=COMRAM,rbss=COMRAM,rbit=COMRAM \
  -pfarbss=FARRAM,fardata=FARRAM,nvFARRAM=FARRAM \
  -pintsave_regs=BIGRAM,bigbss=BIGRAM,bigdata=BIGRAM -pbss=RAM \
  -pidata=CODE,irdata=CODE,ibigdata=CODE,ifardata=CODE -prparam=COMRAM \
  C:\Users\Wels\AppData\Local\Temp\s3r4.o \
  dist/default/production\LCD_Configuracion.X.production.o 

Object code version is 3.11

Machine type is 18F4550

Call graph: (short form)




                Name                               Link     Load   Length Selector   Space Scale
C:\Users\Wels\AppData\Local\Temp\s3r4.o
                init                                  0        0        4        0       0
                idloc                            200000   200000        8   200000       0
                config                           300000   300000        E   300000       0
dist/default/production\LCD_Configuracion.X.production.o
                smallconst                          800      800       12      400       0
                text5                               93E      93E       58      409       0
                text4                               9E6      9E6       32      409       0
                text3                               996      996       50      409       0
                text2                               812      812       BA      409       0
                text1                               A18      A18       22      409       0
                text0                               8CC      8CC       72      409       0
                cstackCOMRAM                          1        1        7        1       1
                cinit                               A3A      A3A        E      409       0

TOTAL           Name                               Link     Load   Length     Space
        CLASS   STACK          

        CLASS   CODE           
                init                                  0        0        4         0
                text5                               93E      93E       58         0
                text4                               9E6      9E6       32         0
                text3                               996      996       50         0
                text2                               812      812       BA         0
                text1                               A18      A18       22         0
                text0                               8CC      8CC       72         0
                cinit                               A3A      A3A        E         0

        CLASS   CONST          

        CLASS   SMALLCONST     
                smallconst                          800      800       12         0

        CLASS   MEDIUMCONST    

        CLASS   COMRAM         
                cstackCOMRAM                          1        1        7         1

        CLASS   ABS1           

        CLASS   BIGRAM         

        CLASS   RAM            

        CLASS   BANK0          

        CLASS   BANK1          

        CLASS   BANK2          

        CLASS   BANK3          

        CLASS   BANK4          

        CLASS   BANK5          

        CLASS   BANK6          

        CLASS   BANK7          

        CLASS   SFR            

        CLASS   FARRAM         

        CLASS   CONFIG         
                config                           300000   300000        E         0

        CLASS   IDLOC          
                idloc                            200000   200000        8         0

        CLASS   EEDATA         



SEGMENTS        Name                           Load    Length   Top    Selector   Space  Class

                reset_vec                      000000  000004  000004         0       0  CODE    
                cstackCOMRAM                   000001  000007  000008         1       1  COMRAM  
                smallconst                     000800  000012  000812       400       0  SMALLCON
                text2                          000812  000236  000A48       409       0  CODE    
                idloc                          200000  000008  200008    200000       0  IDLOC   
                config                         300000  00000E  30000E    300000       0  CONFIG  


UNUSED ADDRESS RANGES

        Name                Unused          Largest block    Delta
        BANK0            000060-0000FF               A0
        BANK1            000100-0001FF              100
        BANK2            000200-0002FF              100
        BANK3            000300-0003FF              100
        BANK4            000400-0004FF              100
        BANK5            000500-0005FF              100
        BANK6            000600-0006FF              100
        BANK7            000700-0007FF              100
        BIGRAM           000008-0007FF              7F8
        CODE             000004-0007FF              7FC
                         000A48-007FFF             75B8
        COMRAM           000008-00005F               58
        CONST            000004-0007FF              7FC
                         000A48-007FFF             75B8
        EEDATA           F00000-F000FF              100
        MEDIUMCONST      000A48-007FFF             75B8
        RAM              000060-0007FF              100
        SFR              000F60-000FFF               A0
        SMALLCONST       000A48-007FFF              100
        STACK            000060-0007FF              7A0

                                  Symbol Table

LCD_Cadena@dato          cstackCOMRAM 000002
LCD_Comando@cmd          cstackCOMRAM 000001
LCD_Data@data            cstackCOMRAM 000001
LCD_XY@x                 cstackCOMRAM 000002
LCD_XY@y                 cstackCOMRAM 000004
_LATDbits                (abs)        000F8C
_LCD_Cadena              text4        0009E6
_LCD_Comando             text3        000996
_LCD_Data                text5        00093E
_LCD_Init                text2        000812
_LCD_XY                  text1        000A18
_PORTD                   (abs)        000F83
_TRISD                   (abs)        000F95
_TRISDbits               (abs)        000F95
__CFG_BOR$OFF            (abs)        000000
__CFG_BORV$3             (abs)        000000
__CFG_CCP2MX$ON          (abs)        000000
__CFG_CP0$OFF            (abs)        000000
__CFG_CP1$OFF            (abs)        000000
__CFG_CP2$OFF            (abs)        000000
__CFG_CP3$OFF            (abs)        000000
__CFG_CPB$OFF            (abs)        000000
__CFG_CPD$OFF            (abs)        000000
__CFG_CPUDIV$OSC1_PLL2   (abs)        000000
__CFG_EBTR0$OFF          (abs)        000000
__CFG_EBTR1$OFF          (abs)        000000
__CFG_EBTR2$OFF          (abs)        000000
__CFG_EBTR3$OFF          (abs)        000000
__CFG_EBTRB$OFF          (abs)        000000
__CFG_FCMEN$OFF          (abs)        000000
__CFG_FOSC$HS            (abs)        000000
__CFG_ICPRT$OFF          (abs)        000000
__CFG_IESO$OFF           (abs)        000000
__CFG_LPT1OSC$OFF        (abs)        000000
__CFG_LVP$OFF            (abs)        000000
__CFG_MCLRE$ON           (abs)        000000
__CFG_PBADEN$ON          (abs)        000000
__CFG_PLLDIV$1           (abs)        000000
__CFG_PWRT$OFF           (abs)        000000
__CFG_STVREN$ON          (abs)        000000
__CFG_USBDIV$1           (abs)        000000
__CFG_VREGEN$OFF         (abs)        000000
__CFG_WDT$OFF            (abs)        000000
__CFG_WDTPS$32768        (abs)        000000
__CFG_WRT0$OFF           (abs)        000000
__CFG_WRT1$OFF           (abs)        000000
__CFG_WRT2$OFF           (abs)        000000
__CFG_WRT3$OFF           (abs)        000000
__CFG_WRTB$OFF           (abs)        000000
__CFG_WRTC$OFF           (abs)        000000
__CFG_WRTD$OFF           (abs)        000000
__CFG_XINST$OFF          (abs)        000000
__HRAM                   (abs)        000000
__Habs1                  abs1         000000
__Hbank0                 bank0        000000
__Hbank1                 bank1        000000
__Hbank2                 bank2        000000
__Hbank3                 bank3        000000
__Hbank4                 bank4        000000
__Hbank5                 bank5        000000
__Hbank6                 bank6        000000
__Hbank7                 bank7        000000
__Hbigbss                bigbss       000000
__Hbigdata               bigdata      000000
__Hbigram                bigram       000000
__Hbss                   bss          000000
__Hcinit                 cinit        000000
__Hclrtext               clrtext      000000
__Hcomram                comram       000000
__Hconfig                config       30000E
__Hconst                 const        000000
__HcstackCOMRAM          cstackCOMRAM 000000
__Hdata                  data         000000
__Heeprom_data           eeprom_data  000000
__Hfarbss                farbss       000000
__Hfardata               fardata      000000
__Hibigdata              ibigdata     000000
__Hidata                 idata        000000
__Hidloc                 idloc        200008
__Hifardata              ifardata     000000
__Hinit                  init         000004
__Hintcode               intcode      000000
__Hintcode_body          intcode_body 000000
__Hintcodelo             intcodelo    000000
__Hintentry              intentry     000000
__Hintret                intret       000000
__Hintsave_regs          intsave_regs 000000
__Hirdata                irdata       000000
__Hmediumconst           mediumconst  000000
__HnvFARRAM              nvFARRAM     000000
__Hnvbit                 nvbit        000000
__Hnvrram                nvrram       000000
__Hparam                 rparam       000000
__Hpowerup               powerup      000000
__Hram                   ram          000000
__Hramtop                ramtop       000800
__Hrbit                  rbit         000000
__Hrbss                  rbss         000000
__Hrdata                 rdata        000000
__Hreset_vec             reset_vec    000000
__Hrparam                rparam       000000
__Hsfr                   sfr          000000
__Hsmallconst            smallconst   000812
__Hspace_0               (abs)        30000E
__Hspace_1               (abs)        000008
__Hspace_2               (abs)        000000
__Hstack                 stack        000000
__Hstruct                struct       000000
__Htemp                  temp         000000
__Htext                  text         000000
__Htext0                 text0        000000
__Htext1                 text1        000000
__Htext2                 text2        000000
__Htext3                 text3        000000
__Htext4                 text4        000000
__Htext5                 text5        000000
__LRAM                   (abs)        000001
__Labs1                  abs1         000000
__Lbank0                 bank0        000000
__Lbank1                 bank1        000000
__Lbank2                 bank2        000000
__Lbank3                 bank3        000000
__Lbank4                 bank4        000000
__Lbank5                 bank5        000000
__Lbank6                 bank6        000000
__Lbank7                 bank7        000000
__Lbigbss                bigbss       000000
__Lbigdata               bigdata      000000
__Lbigram                bigram       000000
__Lbss                   bss          000000
__Lcinit                 cinit        000000
__Lclrtext               clrtext      000000
__Lcomram                comram       000000
__Lconfig                config       300000
__Lconst                 const        000000
__LcstackCOMRAM          cstackCOMRAM 000000
__Ldata                  data         000000
__Leeprom_data           eeprom_data  000000
__Lfarbss                farbss       000000
__Lfardata               fardata      000000
__Libigdata              ibigdata     000000
__Lidata                 idata        000000
__Lidloc                 idloc        200000
__Lifardata              ifardata     000000
__Linit                  init         000000
__Lintcode               intcode      000000
__Lintcode_body          intcode_body 000000
__Lintcodelo             intcodelo    000000
__Lintentry              intentry     000000
__Lintret                intret       000000
__Lintsave_regs          intsave_regs 000000
__Lirdata                irdata       000000
__Lmediumconst           mediumconst  000000
__LnvFARRAM              nvFARRAM     000000
__Lnvbit                 nvbit        000000
__Lnvrram                nvrram       000000
__Lparam                 rparam       000000
__Lpowerup               powerup      000000
__Lram                   ram          000000
__Lramtop                ramtop       000800
__Lrbit                  rbit         000000
__Lrbss                  rbss         000000
__Lrdata                 rdata        000000
__Lreset_vec             reset_vec    000000
__Lrparam                rparam       000000
__Lsfr                   sfr          000000
__Lsmallconst            smallconst   000800
__Lspace_0               (abs)        000000
__Lspace_1               (abs)        000000
__Lspace_2               (abs)        000000
__Lstack                 stack        000000
__Lstruct                struct       000000
__Ltemp                  temp         000000
__Ltext                  text         000000
__Ltext0                 text0        000000
__Ltext1                 text1        000000
__Ltext2                 text2        000000
__Ltext3                 text3        000000
__Ltext4                 text4        000000
__Ltext5                 text5        000000
__S0                     (abs)        30000E
__S1                     (abs)        000008
__S2                     (abs)        000000
___inthi_sp              stack        000000
___intlo_sp              stack        000000
___param_bank            (abs)        000000
___rparam_used           (abs)        000001
___sp                    stack        000000
__accesstop              (abs)        000060
__activetblptr           (abs)        000001
__end_of_LCD_Cadena      text4        000A18
__end_of_LCD_Comando     text3        0009E6
__end_of_LCD_Data        text5        000996
__end_of_LCD_Init        text2        0008CC
__end_of_LCD_XY          text1        000A3A
__end_of__initialization cinit        000A3A
__end_of_main            text0        00093E
__initialization         cinit        000A3A
__mediumconst            mediumconst  000000
__pcinit                 cinit        000A3A
__pcstackCOMRAM          cstackCOMRAM 000001
__psmallconst            smallconst   000800
__ptext0                 text0        0008CC
__ptext1                 text1        000A18
__ptext2                 text2        000812
__ptext3                 text3        000996
__ptext4                 text4        0009E6
__ptext5                 text5        00093E
__ramtop                 ramtop       000800
__size_of_LCD_Cadena     (abs)        000000
__size_of_LCD_Comando    (abs)        000000
__size_of_LCD_Data       (abs)        000000
__size_of_LCD_Init       (abs)        000000
__size_of_LCD_XY         (abs)        000000
__size_of_main           (abs)        000000
__smallconst             smallconst   000800
_main                    text0        0008CC
end_of_initialization    cinit        000A3A
intlevel0                text         000000
intlevel1                text         000000
intlevel2                text         000000
intlevel3                text         000000
stackhi                  (abs)        0007FF
stacklo                  (abs)        000060
start                    init         000000
start_initialization     cinit        000A3A


FUNCTION INFORMATION:

 *************** function _main *****************
 Defined at:
		line 13 in file "Programa_principal.c"
 Parameters:    Size  Location     Type
		None
 Auto vars:     Size  Location     Type
		None
 Return value:  Size  Location     Type
                  1    wreg      void 
 Registers used:
		wreg, status,2, status,0, tblptrl, tblptrh, tblptru, cstack
 Tracked objects:
		On entry : 
		On exit  : 
		Unchanged: 
 Data sizes:     COMRAM   BANK0   BANK1   BANK2   BANK3   BANK4   BANK5   BANK6   BANK7
      Params:         0       0       0       0       0       0       0       0       0
      Locals:         0       0       0       0       0       0       0       0       0
      Temps:          2       0       0       0       0       0       0       0       0
      Totals:         2       0       0       0       0       0       0       0       0
Total ram usage:        2 bytes
 Hardware stack levels required when called:    2
 This function calls:
		_LCD_Cadena
		_LCD_Init
		_LCD_XY
 This function is called by:
		Startup code after reset
 This function uses a non-reentrant model


 *************** function _LCD_XY *****************
 Defined at:
		line 85 in file "LCD_Libreria.c"
 Parameters:    Size  Location     Type
  x               2    1[COMRAM] int 
  y               2    3[COMRAM] int 
 Auto vars:     Size  Location     Type
		None
 Return value:  Size  Location     Type
                  1    wreg      void 
 Registers used:
		wreg, status,2, status,0, cstack
 Tracked objects:
		On entry : 
		On exit  : 
		Unchanged: 
 Data sizes:     COMRAM   BANK0   BANK1   BANK2   BANK3   BANK4   BANK5   BANK6   BANK7
      Params:         4       0       0       0       0       0       0       0       0
      Locals:         0       0       0       0       0       0       0       0       0
      Temps:          0       0       0       0       0       0       0       0       0
      Totals:         4       0       0       0       0       0       0       0       0
Total ram usage:        4 bytes
 Hardware stack levels used:    1
 Hardware stack levels required when called:    1
 This function calls:
		_LCD_Comando
 This function is called by:
		_main
 This function uses a non-reentrant model


 *************** function _LCD_Init *****************
 Defined at:
		line 5 in file "LCD_Libreria.c"
 Parameters:    Size  Location     Type
		None
 Auto vars:     Size  Location     Type
		None
 Return value:  Size  Location     Type
                  1    wreg      void 
 Registers used:
		wreg, status,2, status,0, cstack
 Tracked objects:
		On entry : 
		On exit  : 
		Unchanged: 
 Data sizes:     COMRAM   BANK0   BANK1   BANK2   BANK3   BANK4   BANK5   BANK6   BANK7
      Params:         0       0       0       0       0       0       0       0       0
      Locals:         0       0       0       0       0       0       0       0       0
      Temps:          1       0       0       0       0       0       0       0       0
      Totals:         1       0       0       0       0       0       0       0       0
Total ram usage:        1 bytes
 Hardware stack levels used:    1
 Hardware stack levels required when called:    1
 This function calls:
		_LCD_Comando
 This function is called by:
		_main
 This function uses a non-reentrant model


 *************** function _LCD_Comando *****************
 Defined at:
		line 51 in file "LCD_Libreria.c"
 Parameters:    Size  Location     Type
  cmd             1    wreg     unsigned char 
 Auto vars:     Size  Location     Type
  cmd             1    0[COMRAM] unsigned char 
 Return value:  Size  Location     Type
                  1    wreg      void 
 Registers used:
		wreg, status,2, status,0
 Tracked objects:
		On entry : 
		On exit  : 
		Unchanged: 
 Data sizes:     COMRAM   BANK0   BANK1   BANK2   BANK3   BANK4   BANK5   BANK6   BANK7
      Params:         0       0       0       0       0       0       0       0       0
      Locals:         1       0       0       0       0       0       0       0       0
      Temps:          0       0       0       0       0       0       0       0       0
      Totals:         1       0       0       0       0       0       0       0       0
Total ram usage:        1 bytes
 Hardware stack levels used:    1
 This function calls:
		Nothing
 This function is called by:
		_LCD_Init
		_LCD_XY
 This function uses a non-reentrant model


 *************** function _LCD_Cadena *****************
 Defined at:
		line 94 in file "LCD_Libreria.c"
 Parameters:    Size  Location     Type
  dato            2    1[COMRAM] PTR const unsigned char 
		 -> STR_2(3), STR_1(12), 
 Auto vars:     Size  Location     Type
		None
 Return value:  Size  Location     Type
                  1    wreg      void 
 Registers used:
		wreg, status,2, status,0, tblptrl, tblptrh, tblptru, cstack
 Tracked objects:
		On entry : 
		On exit  : 
		Unchanged: 
 Data sizes:     COMRAM   BANK0   BANK1   BANK2   BANK3   BANK4   BANK5   BANK6   BANK7
      Params:         2       0       0       0       0       0       0       0       0
      Locals:         0       0       0       0       0       0       0       0       0
      Temps:          0       0       0       0       0       0       0       0       0
      Totals:         2       0       0       0       0       0       0       0       0
Total ram usage:        2 bytes
 Hardware stack levels used:    1
 Hardware stack levels required when called:    1
 This function calls:
		_LCD_Data
 This function is called by:
		_main
 This function uses a non-reentrant model


 *************** function _LCD_Data *****************
 Defined at:
		line 102 in file "LCD_Libreria.c"
 Parameters:    Size  Location     Type
  data            1    wreg     unsigned char 
 Auto vars:     Size  Location     Type
  data            1    0[COMRAM] unsigned char 
 Return value:  Size  Location     Type
                  1    wreg      void 
 Registers used:
		wreg, status,2, status,0
 Tracked objects:
		On entry : 
		On exit  : 
		Unchanged: 
 Data sizes:     COMRAM   BANK0   BANK1   BANK2   BANK3   BANK4   BANK5   BANK6   BANK7
      Params:         0       0       0       0       0       0       0       0       0
      Locals:         1       0       0       0       0       0       0       0       0
      Temps:          0       0       0       0       0       0       0       0       0
      Totals:         1       0       0       0       0       0       0       0       0
Total ram usage:        1 bytes
 Hardware stack levels used:    1
 This function calls:
		Nothing
 This function is called by:
		_LCD_Cadena
 This function uses a non-reentrant model



MODULE INFORMATION

Module		Function		Class		Link	Load	Size
Programa_principal.c
		_main          		CODE           	08CC	0000	115

Programa_principal.c estimated size: 115

LCD_Libreria.c
		_LCD_Init      		CODE           	0812	0000	187
		_LCD_Cadena    		CODE           	09E6	0000	51
		_LCD_Comando   		CODE           	0996	0000	81
		_LCD_XY        		CODE           	0A18	0000	35
		_LCD_Data      		CODE           	093E	0000	89

LCD_Libreria.c estimated size: 443

shared
		__initialization		CODE           	0A3A	0000	1

shared estimated size: 1

