Microchip MPLAB XC8 Compiler V2.05 ()

Linker command line:

-W-3 --edf=C:\Program Files (x86)\Microchip\xc8\v2.05\pic\dat\en_msgs.txt \
  -cs -h+dist/default/debug\EEPROM_variables.X.debug.sym \
  --cmf=dist/default/debug\EEPROM_variables.X.debug.cmf -z -Q18F4550 \
  -oC:\Users\Wels\AppData\Local\Temp\s8t0.2 --defsym=__MPLAB_BUILD=1 \
  -Mdist/default/debug/EEPROM_variables.X.debug.map -E1 -ver=XC8 \
  --acfsm=1493 -ASTACK=060h-07FFh -pstack=STACK -ACODE=00h-07FFFh \
  -ACONST=00h-07FFFh -ASMALLCONST=0800h-08FFhx120 \
  -AMEDIUMCONST=0800h-07FFFh -ACOMRAM=01h-05Fh -AABS1=00h-07FFh \
  -ABIGRAM=01h-07FFh -ARAM=060h-0FFh,0100h-01FFhx7 -ABANK0=060h-0FFh \
  -ABANK1=0100h-01FFh -ABANK2=0200h-02FFh -ABANK3=0300h-03FFh \
  -ABANK4=0400h-04FFh -ABANK5=0500h-05FFh -ABANK6=0600h-06FFh \
  -ABANK7=0700h-07FFh -ASFR=0F60h-0FFFh \
  -preset_vec=00h,intcode,intcodelo,powerup,init -pramtop=0800h \
  -psmallconst=SMALLCONST -pmediumconst=MEDIUMCONST -pconst=CONST \
  -AFARRAM=00h-00h -ACONFIG=0300000h-030000Dh -pconfig=CONFIG \
  -AIDLOC=0200000h-0200007h -pidloc=IDLOC -AEEDATA=0F00000h-0F000FFh \
  -peeprom_data=EEDATA \
  -prdata=COMRAM,nvrram=COMRAM,nvbit=COMRAM,rbss=COMRAM,rbit=COMRAM \
  -pfarbss=FARRAM,fardata=FARRAM,nvFARRAM=FARRAM \
  -pintsave_regs=BIGRAM,bigbss=BIGRAM,bigdata=BIGRAM -pbss=RAM \
  -pidata=CODE,irdata=CODE,ibigdata=CODE,ifardata=CODE -prparam=COMRAM \
  C:\Users\Wels\AppData\Local\Temp\s8t0.o \
  dist/default/debug\EEPROM_variables.X.debug.o 

Object code version is 3.11

Machine type is 18F4550

Call graph: (short form)




                Name                               Link     Load   Length Selector   Space Scale
C:\Users\Wels\AppData\Local\Temp\s8t0.o
                init                                  0        0        4        0       0
                idloc                            200000   200000        8   200000       0
                config                           300000   300000        E   300000       0
dist/default/debug\EEPROM_variables.X.debug.o
                text8                              7D6E     7D6E       26     3EB7       0
                text7                              7DC6     7DC6       40     3EE3       0
                text6                              7E06     7E06       40     3F03       0
                text5                              7E46     7E46       40     3F23       0
                text4                              7D60     7D60        E     3EB0       0
                text3                              7ECC     7ECC       4E     3F66       0
                text2                              7E86     7E86       46     3F43       0
                text1                              7F1A     7F1A       4E     3F8D       0
                text0                              7F68     7F68       98     3FB4       0
                cstackCOMRAM                         17       17        A        1       1
                dataCOMRAM                            D        D        A        1       1
                bssCOMRAM                             1        1        C        1       1
                cinit                              7D94     7D94       32     3ECA       0
                idataCOMRAM                        7D56     7D56        A     7D56       0

TOTAL           Name                               Link     Load   Length     Space
        CLASS   STACK          

        CLASS   CODE           
                init                                  0        0        4         0
                text8                              7D6E     7D6E       26         0
                text7                              7DC6     7DC6       40         0
                text6                              7E06     7E06       40         0
                text5                              7E46     7E46       40         0
                text4                              7D60     7D60        E         0
                text3                              7ECC     7ECC       4E         0
                text2                              7E86     7E86       46         0
                text1                              7F1A     7F1A       4E         0
                text0                              7F68     7F68       98         0
                cinit                              7D94     7D94       32         0
                idataCOMRAM                        7D56     7D56        A         0

        CLASS   CONST          

        CLASS   SMALLCONST     

        CLASS   MEDIUMCONST    

        CLASS   COMRAM         
                cstackCOMRAM                         17       17        A         1
                dataCOMRAM                            D        D        A         1
                bssCOMRAM                             1        1        C         1

        CLASS   ABS1           

        CLASS   BIGRAM         

        CLASS   RAM            

        CLASS   BANK0          

        CLASS   BANK1          

        CLASS   BANK2          

        CLASS   BANK3          

        CLASS   BANK4          

        CLASS   BANK5          

        CLASS   BANK6          

        CLASS   BANK7          

        CLASS   SFR            

        CLASS   FARRAM         

        CLASS   CONFIG         
                config                           300000   300000        E         0

        CLASS   IDLOC          
                idloc                            200000   200000        8         0

        CLASS   EEDATA         



SEGMENTS        Name                           Load    Length   Top    Selector   Space  Class

                reset_vec                      000000  000004  000004         0       0  CODE    
                bssCOMRAM                      000001  000020  000021         1       1  COMRAM  
                idataCOMRAM                    007D56  00000A  007D60      7D56       0  CODE    
                text4                          007D60  00000E  007D6E      3EB0       0  CODE    
                text8                          007D6E  000026  007D94      3EB7       0  CODE    
                cinit                          007D94  000032  007DC6      3ECA       0  CODE    
                text7                          007DC6  000040  007E06      3EE3       0  CODE    
                text6                          007E06  000040  007E46      3F03       0  CODE    
                text5                          007E46  000040  007E86      3F23       0  CODE    
                text2                          007E86  000046  007ECC      3F43       0  CODE    
                text3                          007ECC  00004E  007F1A      3F66       0  CODE    
                text1                          007F1A  00004E  007F68      3F8D       0  CODE    
                text0                          007F68  000098  008000      3FB4       0  CODE    
                idloc                          200000  000008  200008    200000       0  IDLOC   
                config                         300000  00000E  30000E    300000       0  CONFIG  


UNUSED ADDRESS RANGES

        Name                Unused          Largest block    Delta
        BANK0            000060-0000FF               A0
        BANK1            000100-0001FF              100
        BANK2            000200-0002FF              100
        BANK3            000300-0003FF              100
        BANK4            000400-0004FF              100
        BANK5            000500-0005FF              100
        BANK6            000600-0006FF              100
        BANK7            000700-0007FF              100
        BIGRAM           000021-0007FF              7DF
        CODE             000004-007D55             7D52
        COMRAM           000021-00005F               3F
        CONST            000004-007D55             7D52
        EEDATA           F00000-F000FF              100
        MEDIUMCONST      000800-007D55             7556
        RAM              000060-0007FF              100
        SFR              000F60-000FFF               A0
        SMALLCONST       000800-007D55              100
        STACK            000060-0007FF              7A0

                                  Symbol Table

?_EEPROM_Lectura_float         cstackCOMRAM 000019
?_EEPROM_Lectura_int16         cstackCOMRAM 000019
?_EEPROM_Lectura_int32         cstackCOMRAM 000019
EEPROM_Guardar@data            cstackCOMRAM 000019
EEPROM_Guardar@dir             cstackCOMRAM 000017
EEPROM_Guardar_float@data      cstackCOMRAM 00001C
EEPROM_Guardar_float@dir       cstackCOMRAM 00001A
EEPROM_Guardar_int16@data      cstackCOMRAM 00001C
EEPROM_Guardar_int16@dir       cstackCOMRAM 00001A
EEPROM_Guardar_int32@data      cstackCOMRAM 00001C
EEPROM_Guardar_int32@dir       cstackCOMRAM 00001A
EEPROM_Lectura@dir             cstackCOMRAM 000017
EEPROM_Lectura_float@data      cstackCOMRAM 00001D
EEPROM_Lectura_float@dir       cstackCOMRAM 000019
EEPROM_Lectura_int16@data      cstackCOMRAM 00001B
EEPROM_Lectura_int16@dir       cstackCOMRAM 000019
EEPROM_Lectura_int32@data      cstackCOMRAM 00001D
EEPROM_Lectura_int32@dir       cstackCOMRAM 000019
_EEADR                         (abs)        000FA9
_EECON1bits                    (abs)        000FA6
_EECON2                        (abs)        000FA7
_EEDATA                        (abs)        000FA8
_EEPROM_Guardar                text8        007D6E
_EEPROM_Guardar_float          text7        007DC6
_EEPROM_Guardar_int16          text6        007E06
_EEPROM_Guardar_int32          text5        007E46
_EEPROM_Lectura                text4        007D60
_EEPROM_Lectura_float          text3        007ECC
_EEPROM_Lectura_int16          text2        007E86
_EEPROM_Lectura_int32          text1        007F1A
_INTCONbits                    (abs)        000FF2
_PIR2bits                      (abs)        000FA1
__CFG_BOR$ON                   (abs)        000000
__CFG_BORV$3                   (abs)        000000
__CFG_CCP2MX$ON                (abs)        000000
__CFG_CP0$OFF                  (abs)        000000
__CFG_CP1$OFF                  (abs)        000000
__CFG_CP2$OFF                  (abs)        000000
__CFG_CP3$OFF                  (abs)        000000
__CFG_CPB$OFF                  (abs)        000000
__CFG_CPD$OFF                  (abs)        000000
__CFG_CPUDIV$OSC1_PLL2         (abs)        000000
__CFG_EBTR0$OFF                (abs)        000000
__CFG_EBTR1$OFF                (abs)        000000
__CFG_EBTR2$OFF                (abs)        000000
__CFG_EBTR3$OFF                (abs)        000000
__CFG_EBTRB$OFF                (abs)        000000
__CFG_FCMEN$OFF                (abs)        000000
__CFG_FOSC$HS                  (abs)        000000
__CFG_ICPRT$OFF                (abs)        000000
__CFG_IESO$OFF                 (abs)        000000
__CFG_LPT1OSC$OFF              (abs)        000000
__CFG_LVP$ON                   (abs)        000000
__CFG_MCLRE$ON                 (abs)        000000
__CFG_PBADEN$ON                (abs)        000000
__CFG_PLLDIV$1                 (abs)        000000
__CFG_PWRT$OFF                 (abs)        000000
__CFG_STVREN$ON                (abs)        000000
__CFG_USBDIV$1                 (abs)        000000
__CFG_VREGEN$OFF               (abs)        000000
__CFG_WDT$OFF                  (abs)        000000
__CFG_WDTPS$32768              (abs)        000000
__CFG_WRT0$OFF                 (abs)        000000
__CFG_WRT1$OFF                 (abs)        000000
__CFG_WRT2$OFF                 (abs)        000000
__CFG_WRT3$OFF                 (abs)        000000
__CFG_WRTB$OFF                 (abs)        000000
__CFG_WRTC$OFF                 (abs)        000000
__CFG_WRTD$OFF                 (abs)        000000
__CFG_XINST$OFF                (abs)        000000
__HRAM                         (abs)        000000
__Habs1                        abs1         000000
__Hbank0                       bank0        000000
__Hbank1                       bank1        000000
__Hbank2                       bank2        000000
__Hbank3                       bank3        000000
__Hbank4                       bank4        000000
__Hbank5                       bank5        000000
__Hbank6                       bank6        000000
__Hbank7                       bank7        000000
__Hbigbss                      bigbss       000000
__Hbigdata                     bigdata      000000
__Hbigram                      bigram       000000
__Hbss                         bss          000000
__HbssCOMRAM                   bssCOMRAM    000000
__Hcinit                       cinit        000000
__Hclrtext                     clrtext      000000
__Hcomram                      comram       000000
__Hconfig                      config       30000E
__Hconst                       const        000000
__HcstackCOMRAM                cstackCOMRAM 000000
__Hdata                        data         000000
__HdataCOMRAM                  dataCOMRAM   000000
__Heeprom_data                 eeprom_data  000000
__Hfarbss                      farbss       000000
__Hfardata                     fardata      000000
__Hibigdata                    ibigdata     000000
__Hidata                       idata        000000
__HidataCOMRAM                 idataCOMRAM  000000
__Hidloc                       idloc        200008
__Hifardata                    ifardata     000000
__Hinit                        init         000004
__Hintcode                     intcode      000000
__Hintcode_body                intcode_body 000000
__Hintcodelo                   intcodelo    000000
__Hintentry                    intentry     000000
__Hintret                      intret       000000
__Hintsave_regs                intsave_regs 000000
__Hirdata                      irdata       000000
__Hmediumconst                 mediumconst  000000
__HnvFARRAM                    nvFARRAM     000000
__Hnvbit                       nvbit        000000
__Hnvrram                      nvrram       000000
__Hparam                       rparam       000000
__Hpowerup                     powerup      000000
__Hram                         ram          000000
__Hramtop                      ramtop       000800
__Hrbit                        rbit         000000
__Hrbss                        rbss         000000
__Hrdata                       rdata        000000
__Hreset_vec                   reset_vec    000000
__Hrparam                      rparam       000000
__Hsfr                         sfr          000000
__Hsmallconst                  smallconst   000000
__Hspace_0                     (abs)        30000E
__Hspace_1                     (abs)        000021
__Hspace_2                     (abs)        000000
__Hstack                       stack        000000
__Hstruct                      struct       000000
__Htemp                        temp         000000
__Htext                        text         000000
__Htext0                       text0        000000
__Htext1                       text1        000000
__Htext2                       text2        000000
__Htext3                       text3        000000
__Htext4                       text4        000000
__Htext5                       text5        000000
__Htext6                       text6        000000
__Htext7                       text7        000000
__Htext8                       text8        000000
__LRAM                         (abs)        000001
__Labs1                        abs1         000000
__Lbank0                       bank0        000000
__Lbank1                       bank1        000000
__Lbank2                       bank2        000000
__Lbank3                       bank3        000000
__Lbank4                       bank4        000000
__Lbank5                       bank5        000000
__Lbank6                       bank6        000000
__Lbank7                       bank7        000000
__Lbigbss                      bigbss       000000
__Lbigdata                     bigdata      000000
__Lbigram                      bigram       000000
__Lbss                         bss          000000
__LbssCOMRAM                   bssCOMRAM    000000
__Lcinit                       cinit        000000
__Lclrtext                     clrtext      000000
__Lcomram                      comram       000000
__Lconfig                      config       300000
__Lconst                       const        000000
__LcstackCOMRAM                cstackCOMRAM 000000
__Ldata                        data         000000
__LdataCOMRAM                  dataCOMRAM   000000
__Leeprom_data                 eeprom_data  000000
__Lfarbss                      farbss       000000
__Lfardata                     fardata      000000
__Libigdata                    ibigdata     000000
__Lidata                       idata        000000
__LidataCOMRAM                 idataCOMRAM  000000
__Lidloc                       idloc        200000
__Lifardata                    ifardata     000000
__Linit                        init         000000
__Lintcode                     intcode      000000
__Lintcode_body                intcode_body 000000
__Lintcodelo                   intcodelo    000000
__Lintentry                    intentry     000000
__Lintret                      intret       000000
__Lintsave_regs                intsave_regs 000000
__Lirdata                      irdata       000000
__Lmediumconst                 mediumconst  000000
__LnvFARRAM                    nvFARRAM     000000
__Lnvbit                       nvbit        000000
__Lnvrram                      nvrram       000000
__Lparam                       rparam       000000
__Lpowerup                     powerup      000000
__Lram                         ram          000000
__Lramtop                      ramtop       000800
__Lrbit                        rbit         000000
__Lrbss                        rbss         000000
__Lrdata                       rdata        000000
__Lreset_vec                   reset_vec    000000
__Lrparam                      rparam       000000
__Lsfr                         sfr          000000
__Lsmallconst                  smallconst   000000
__Lspace_0                     (abs)        000000
__Lspace_1                     (abs)        000000
__Lspace_2                     (abs)        000000
__Lstack                       stack        000000
__Lstruct                      struct       000000
__Ltemp                        temp         000000
__Ltext                        text         000000
__Ltext0                       text0        000000
__Ltext1                       text1        000000
__Ltext2                       text2        000000
__Ltext3                       text3        000000
__Ltext4                       text4        000000
__Ltext5                       text5        000000
__Ltext6                       text6        000000
__Ltext7                       text7        000000
__Ltext8                       text8        000000
__S0                           (abs)        30000E
__S1                           (abs)        000021
__S2                           (abs)        000000
___inthi_sp                    stack        000000
___intlo_sp                    stack        000000
___param_bank                  (abs)        000000
___rparam_used                 (abs)        000001
___sp                          stack        000000
__accesstop                    (abs)        000060
__activetblptr                 (abs)        000000
__end_of_EEPROM_Guardar        text8        007D94
__end_of_EEPROM_Guardar_float  text7        007E06
__end_of_EEPROM_Guardar_int16  text6        007E46
__end_of_EEPROM_Guardar_int32  text5        007E86
__end_of_EEPROM_Lectura        text4        007D6E
__end_of_EEPROM_Lectura_float  text3        007F1A
__end_of_EEPROM_Lectura_int16  text2        007ECC
__end_of_EEPROM_Lectura_int32  text1        007F68
__end_of__initialization       cinit        007DC0
__end_of_main                  text0        008000
__initialization               cinit        007D94
__mediumconst                  mediumconst  000000
__pbssCOMRAM                   bssCOMRAM    000001
__pcinit                       cinit        007D94
__pcstackCOMRAM                cstackCOMRAM 000017
__pdataCOMRAM                  dataCOMRAM   00000D
__pidataCOMRAM                 idataCOMRAM  007D56
__ptext0                       text0        007F68
__ptext1                       text1        007F1A
__ptext2                       text2        007E86
__ptext3                       text3        007ECC
__ptext4                       text4        007D60
__ptext5                       text5        007E46
__ptext6                       text6        007E06
__ptext7                       text7        007DC6
__ptext8                       text8        007D6E
__ramtop                       ramtop       000800
__size_of_EEPROM_Guardar       (abs)        000000
__size_of_EEPROM_Guardar_float (abs)        000000
__size_of_EEPROM_Guardar_int16 (abs)        000000
__size_of_EEPROM_Guardar_int32 (abs)        000000
__size_of_EEPROM_Lectura       (abs)        000000
__size_of_EEPROM_Lectura_float (abs)        000000
__size_of_EEPROM_Lectura_int16 (abs)        000000
__size_of_EEPROM_Lectura_int32 (abs)        000000
__size_of_main                 (abs)        000000
__smallconst                   smallconst   000000
_asd                           bssCOMRAM    000005
_cribete                       bssCOMRAM    000009
_i                             bssCOMRAM    00000B
_like                          dataCOMRAM   000011
_main                          text0        007F68
_sad                           bssCOMRAM    000001
_sus                           dataCOMRAM   000015
_wels                          dataCOMRAM   00000D
end_of_initialization          cinit        007DC0
intlevel0                      text         000000
intlevel1                      text         000000
intlevel2                      text         000000
intlevel3                      text         000000
stackhi                        (abs)        0007FF
stacklo                        (abs)        000060
start                          init         000000
start_initialization           cinit        007D94


FUNCTION INFORMATION:

 *************** function _main *****************
 Defined at:
		line 22 in file "Programa_principal.c"
 Parameters:    Size  Location     Type
		None
 Auto vars:     Size  Location     Type
		None
 Return value:  Size  Location     Type
                  1    wreg      void 
 Registers used:
		wreg, fsr2l, fsr2h, status,2, status,0, cstack
 Tracked objects:
		On entry : 
		On exit  : 
		Unchanged: 
 Data sizes:     COMRAM   BANK0   BANK1   BANK2   BANK3   BANK4   BANK5   BANK6   BANK7
      Params:         0       0       0       0       0       0       0       0       0
      Locals:         0       0       0       0       0       0       0       0       0
      Temps:          0       0       0       0       0       0       0       0       0
      Totals:         0       0       0       0       0       0       0       0       0
Total ram usage:        0 bytes
 Hardware stack levels required when called:    2
 This function calls:
		_EEPROM_Guardar_float
		_EEPROM_Guardar_int16
		_EEPROM_Guardar_int32
		_EEPROM_Lectura_float
		_EEPROM_Lectura_int16
		_EEPROM_Lectura_int32
 This function is called by:
		Startup code after reset
 This function uses a non-reentrant model


 *************** function _EEPROM_Lectura_int32 *****************
 Defined at:
		line 52 in file "EEPROM_libreria.c"
 Parameters:    Size  Location     Type
  dir             2    2[COMRAM] int 
 Auto vars:     Size  Location     Type
  data            4    6[COMRAM] long 
 Return value:  Size  Location     Type
                  4    2[COMRAM] long 
 Registers used:
		wreg, fsr2l, fsr2h, status,2, status,0, cstack
 Tracked objects:
		On entry : 
		On exit  : 
		Unchanged: 
 Data sizes:     COMRAM   BANK0   BANK1   BANK2   BANK3   BANK4   BANK5   BANK6   BANK7
      Params:         4       0       0       0       0       0       0       0       0
      Locals:         4       0       0       0       0       0       0       0       0
      Temps:          0       0       0       0       0       0       0       0       0
      Totals:         8       0       0       0       0       0       0       0       0
Total ram usage:        8 bytes
 Hardware stack levels used:    1
 Hardware stack levels required when called:    1
 This function calls:
		_EEPROM_Lectura
 This function is called by:
		_main
 This function uses a non-reentrant model


 *************** function _EEPROM_Lectura_int16 *****************
 Defined at:
		line 38 in file "EEPROM_libreria.c"
 Parameters:    Size  Location     Type
  dir             2    2[COMRAM] int 
 Auto vars:     Size  Location     Type
  data            2    4[COMRAM] int 
 Return value:  Size  Location     Type
                  2    2[COMRAM] int 
 Registers used:
		wreg, fsr2l, fsr2h, status,2, status,0, cstack
 Tracked objects:
		On entry : 
		On exit  : 
		Unchanged: 
 Data sizes:     COMRAM   BANK0   BANK1   BANK2   BANK3   BANK4   BANK5   BANK6   BANK7
      Params:         2       0       0       0       0       0       0       0       0
      Locals:         2       0       0       0       0       0       0       0       0
      Temps:          0       0       0       0       0       0       0       0       0
      Totals:         4       0       0       0       0       0       0       0       0
Total ram usage:        4 bytes
 Hardware stack levels used:    1
 Hardware stack levels required when called:    1
 This function calls:
		_EEPROM_Lectura
 This function is called by:
		_main
 This function uses a non-reentrant model


 *************** function _EEPROM_Lectura_float *****************
 Defined at:
		line 66 in file "EEPROM_libreria.c"
 Parameters:    Size  Location     Type
  dir             2    2[COMRAM] int 
 Auto vars:     Size  Location     Type
  data            4    6[COMRAM] float 
 Return value:  Size  Location     Type
                  4    2[COMRAM] float 
 Registers used:
		wreg, fsr2l, fsr2h, status,2, status,0, cstack
 Tracked objects:
		On entry : 
		On exit  : 
		Unchanged: 
 Data sizes:     COMRAM   BANK0   BANK1   BANK2   BANK3   BANK4   BANK5   BANK6   BANK7
      Params:         4       0       0       0       0       0       0       0       0
      Locals:         4       0       0       0       0       0       0       0       0
      Temps:          0       0       0       0       0       0       0       0       0
      Totals:         8       0       0       0       0       0       0       0       0
Total ram usage:        8 bytes
 Hardware stack levels used:    1
 Hardware stack levels required when called:    1
 This function calls:
		_EEPROM_Lectura
 This function is called by:
		_main
 This function uses a non-reentrant model


 *************** function _EEPROM_Lectura *****************
 Defined at:
		line 23 in file "EEPROM_libreria.c"
 Parameters:    Size  Location     Type
  dir             2    0[COMRAM] int 
 Auto vars:     Size  Location     Type
		None
 Return value:  Size  Location     Type
                  1    wreg      unsigned char 
 Registers used:
		wreg, status,2
 Tracked objects:
		On entry : 
		On exit  : 
		Unchanged: 
 Data sizes:     COMRAM   BANK0   BANK1   BANK2   BANK3   BANK4   BANK5   BANK6   BANK7
      Params:         2       0       0       0       0       0       0       0       0
      Locals:         0       0       0       0       0       0       0       0       0
      Temps:          0       0       0       0       0       0       0       0       0
      Totals:         2       0       0       0       0       0       0       0       0
Total ram usage:        2 bytes
 Hardware stack levels used:    1
 This function calls:
		Nothing
 This function is called by:
		_EEPROM_Lectura_int16
		_EEPROM_Lectura_int32
		_EEPROM_Lectura_float
 This function uses a non-reentrant model


 *************** function _EEPROM_Guardar_int32 *****************
 Defined at:
		line 46 in file "EEPROM_libreria.c"
 Parameters:    Size  Location     Type
  dir             2    3[COMRAM] int 
  data            4    5[COMRAM] long 
 Auto vars:     Size  Location     Type
		None
 Return value:  Size  Location     Type
                  1    wreg      void 
 Registers used:
		wreg, fsr2l, fsr2h, status,2, status,0, cstack
 Tracked objects:
		On entry : 
		On exit  : 
		Unchanged: 
 Data sizes:     COMRAM   BANK0   BANK1   BANK2   BANK3   BANK4   BANK5   BANK6   BANK7
      Params:         6       0       0       0       0       0       0       0       0
      Locals:         0       0       0       0       0       0       0       0       0
      Temps:          0       0       0       0       0       0       0       0       0
      Totals:         6       0       0       0       0       0       0       0       0
Total ram usage:        6 bytes
 Hardware stack levels used:    1
 Hardware stack levels required when called:    1
 This function calls:
		_EEPROM_Guardar
 This function is called by:
		_main
 This function uses a non-reentrant model


 *************** function _EEPROM_Guardar_int16 *****************
 Defined at:
		line 32 in file "EEPROM_libreria.c"
 Parameters:    Size  Location     Type
  dir             2    3[COMRAM] int 
  data            2    5[COMRAM] int 
 Auto vars:     Size  Location     Type
		None
 Return value:  Size  Location     Type
                  1    wreg      void 
 Registers used:
		wreg, fsr2l, fsr2h, status,2, status,0, cstack
 Tracked objects:
		On entry : 
		On exit  : 
		Unchanged: 
 Data sizes:     COMRAM   BANK0   BANK1   BANK2   BANK3   BANK4   BANK5   BANK6   BANK7
      Params:         4       0       0       0       0       0       0       0       0
      Locals:         0       0       0       0       0       0       0       0       0
      Temps:          0       0       0       0       0       0       0       0       0
      Totals:         4       0       0       0       0       0       0       0       0
Total ram usage:        4 bytes
 Hardware stack levels used:    1
 Hardware stack levels required when called:    1
 This function calls:
		_EEPROM_Guardar
 This function is called by:
		_main
 This function uses a non-reentrant model


 *************** function _EEPROM_Guardar_float *****************
 Defined at:
		line 60 in file "EEPROM_libreria.c"
 Parameters:    Size  Location     Type
  dir             2    3[COMRAM] int 
  data            4    5[COMRAM] float 
 Auto vars:     Size  Location     Type
		None
 Return value:  Size  Location     Type
                  1    wreg      void 
 Registers used:
		wreg, fsr2l, fsr2h, status,2, status,0, cstack
 Tracked objects:
		On entry : 
		On exit  : 
		Unchanged: 
 Data sizes:     COMRAM   BANK0   BANK1   BANK2   BANK3   BANK4   BANK5   BANK6   BANK7
      Params:         6       0       0       0       0       0       0       0       0
      Locals:         0       0       0       0       0       0       0       0       0
      Temps:          0       0       0       0       0       0       0       0       0
      Totals:         6       0       0       0       0       0       0       0       0
Total ram usage:        6 bytes
 Hardware stack levels used:    1
 Hardware stack levels required when called:    1
 This function calls:
		_EEPROM_Guardar
 This function is called by:
		_main
 This function uses a non-reentrant model


 *************** function _EEPROM_Guardar *****************
 Defined at:
		line 7 in file "EEPROM_libreria.c"
 Parameters:    Size  Location     Type
  dir             2    0[COMRAM] int 
  data            1    2[COMRAM] unsigned char 
 Auto vars:     Size  Location     Type
		None
 Return value:  Size  Location     Type
                  1    wreg      void 
 Registers used:
		wreg, status,2
 Tracked objects:
		On entry : 
		On exit  : 
		Unchanged: 
 Data sizes:     COMRAM   BANK0   BANK1   BANK2   BANK3   BANK4   BANK5   BANK6   BANK7
      Params:         3       0       0       0       0       0       0       0       0
      Locals:         0       0       0       0       0       0       0       0       0
      Temps:          0       0       0       0       0       0       0       0       0
      Totals:         3       0       0       0       0       0       0       0       0
Total ram usage:        3 bytes
 Hardware stack levels used:    1
 This function calls:
		Nothing
 This function is called by:
		_EEPROM_Guardar_int16
		_EEPROM_Guardar_int32
		_EEPROM_Guardar_float
 This function uses a non-reentrant model



MODULE INFORMATION

Module		Function		Class		Link	Load	Size
EEPROM_libreria.c
		_EEPROM_Lectura_int32		CODE           	7F1A	0000	79
		_EEPROM_Guardar_int32		CODE           	7E46	0000	65
		_EEPROM_Lectura		CODE           	7D60	0000	15
		_EEPROM_Guardar		CODE           	7D6E	0000	39
		_EEPROM_Lectura_int16		CODE           	7E86	0000	71
		_EEPROM_Guardar_int16		CODE           	7E06	0000	65
		_EEPROM_Lectura_float		CODE           	7ECC	0000	79
		_EEPROM_Guardar_float		CODE           	7DC6	0000	65

EEPROM_libreria.c estimated size: 478

Programa_principal.c
		_main          		CODE           	7F68	0000	153

Programa_principal.c estimated size: 153

shared
		__initialization		CODE           	7D94	0000	45

shared estimated size: 45

