Microchip MPLAB XC8 Compiler V1.45 ()

Linker command line:

-W-3 --edf=C:\Program Files (x86)\Microchip\xc8\v1.45\dat\en_msgs.txt -cs \
  -h+dist/default/production\MOTOR_USART.X.production.sym \
  --cmf=dist/default/production\MOTOR_USART.X.production.cmf -z -Q18F4550 \
  -oC:\Users\Wels\AppData\Local\Temp\sdfk.2 \
  -Mdist/default/production/MOTOR_USART.X.production.map -E1 -ver=XC8 \
  -ASTACK=060h-07ffh -pstack=STACK -ACODE=00h-07FFFh -ACONST=00h-07FFFh \
  -ASMALLCONST=0800h-08FFhx120 -AMEDIUMCONST=0800h-07FFFh -ACOMRAM=01h-05Fh \
  -AABS1=00h-07FFh -ABIGRAM=01h-07FFh -ARAM=060h-0FFh,0100h-01FFhx7 \
  -ABANK0=060h-0FFh -ABANK1=0100h-01FFh -ABANK2=0200h-02FFh \
  -ABANK3=0300h-03FFh -ABANK4=0400h-04FFh -ABANK5=0500h-05FFh \
  -ABANK6=0600h-06FFh -ABANK7=0700h-07FFh -ASFR=0F60h-0FFFh \
  -preset_vec=00h,intcode,intcodelo,powerup,init -pramtop=0800h \
  -psmallconst=SMALLCONST -pmediumconst=MEDIUMCONST -pconst=CONST \
  -AFARRAM=00h-00h -ACONFIG=0300000h-030000Dh -pconfig=CONFIG \
  -AIDLOC=0200000h-0200007h -pidloc=IDLOC -AEEDATA=0F00000h-0F000FFh \
  -peeprom_data=EEDATA \
  -prdata=COMRAM,nvrram=COMRAM,nvbit=COMRAM,rbss=COMRAM,rbit=COMRAM \
  -pfarbss=FARRAM,fardata=FARRAM,nvFARRAM=FARRAM \
  -pintsave_regs=BIGRAM,bigbss=BIGRAM,bigdata=BIGRAM -pbss=RAM \
  -pidata=CODE,irdata=CODE,ibigdata=CODE,ifardata=CODE -prparam=COMRAM \
  C:\Users\Wels\AppData\Local\Temp\sdfk.obj \
  dist/default/production\MOTOR_USART.X.production.obj 

Object code version is 3.11

Machine type is 18F4550

Call graph: (short form)




                Name                               Link     Load   Length Selector   Space Scale
C:\Users\Wels\AppData\Local\Temp\sdfk.obj
                init                                  0        0        4        0       0
                idloc                            200000   200000        8   200000       0
                config                           300000   300000        E   300000       0
dist/default/production\MOTOR_USART.X.production.obj
                text4                              7F34     7F34       CC     3F9A       0
                text3                              7E06     7E06       70     3F03       0
                text2                              7DCC     7DCC        4     3EE6       0
                text1                              7DD8     7DD8        8     3EEC       0
                text0                              7E76     7E76       BE     3F3B       0
                cstackCOMRAM                          1        1       1C        1       1
                dataCOMRAM                           1D       1D        7        1       1
                cinit                              7DE0     7DE0       26     3EF0       0
                idataCOMRAM                        7DD1     7DD1        7     7DD1       0

TOTAL           Name                               Link     Load   Length     Space
        CLASS   STACK          

        CLASS   CODE           
                init                                  0        0        4         0
                text4                              7F34     7F34       CC         0
                text3                              7E06     7E06       70         0
                text2                              7DCC     7DCC        4         0
                text1                              7DD8     7DD8        8         0
                text0                              7E76     7E76       BE         0
                cinit                              7DE0     7DE0       26         0
                idataCOMRAM                        7DD1     7DD1        7         0

        CLASS   CONST          

        CLASS   SMALLCONST     

        CLASS   MEDIUMCONST    

        CLASS   COMRAM         
                cstackCOMRAM                          1        1       1C         1
                dataCOMRAM                           1D       1D        7         1

        CLASS   ABS1           

        CLASS   BIGRAM         

        CLASS   RAM            

        CLASS   BANK0          

        CLASS   BANK1          

        CLASS   BANK2          

        CLASS   BANK3          

        CLASS   BANK4          

        CLASS   BANK5          

        CLASS   BANK6          

        CLASS   BANK7          

        CLASS   SFR            

        CLASS   FARRAM         

        CLASS   CONFIG         
                config                           300000   300000        E         0

        CLASS   IDLOC          
                idloc                            200000   200000        8         0

        CLASS   EEDATA         



SEGMENTS        Name                           Load    Length   Top    Selector   Space  Class

                reset_vec                      000000  000004  000004         0       0  CODE    
                cstackCOMRAM                   000001  000023  000024         1       1  COMRAM  
                text2                          007DCC  000004  007DD0      3EE6       0  CODE    
                idataCOMRAM                    007DD1  000007  007DD8      7DD1       0  CODE    
                text1                          007DD8  000008  007DE0      3EEC       0  CODE    
                cinit                          007DE0  000026  007E06      3EF0       0  CODE    
                text3                          007E06  000070  007E76      3F03       0  CODE    
                text0                          007E76  0000BE  007F34      3F3B       0  CODE    
                text4                          007F34  0000CC  008000      3F9A       0  CODE    
                idloc                          200000  000008  200008    200000       0  IDLOC   
                config                         300000  00000E  30000E    300000       0  CONFIG  


UNUSED ADDRESS RANGES

        Name                Unused          Largest block    Delta
        BANK0            000060-0000FF               A0
        BANK1            000100-0001FF              100
        BANK2            000200-0002FF              100
        BANK3            000300-0003FF              100
        BANK4            000400-0004FF              100
        BANK5            000500-0005FF              100
        BANK6            000600-0006FF              100
        BANK7            000700-0007FF              100
        BIGRAM           000024-0007FF              7DC
        CODE             000004-007DCB             7DC8
                         007DD0-007DD0                1
        COMRAM           000024-00005F               3C
        CONST            000004-007DCB             7DC8
                         007DD0-007DD0                1
        EEDATA           F00000-F000FF              100
        MEDIUMCONST      000800-007DCB             75CC
                         007DD0-007DD0                1
        RAM              000060-0007FF              100
        SFR              000F60-000FFF               A0
        SMALLCONST       000800-007DCB              100
                         007DD0-007DD0                1
        STACK            000060-0007FF              7A0

                                  Symbol Table

?___aldiv                cstackCOMRAM 000001
USART_Init@BAUD          cstackCOMRAM 00000F
USART_Tx@data            cstackCOMRAM 000001
_LATDbits                (abs)        000F8C
_RCREG                   (abs)        000FAE
_RCSTAbits               (abs)        000FAB
_SPBRG                   (abs)        000FAF
_TRISCbits               (abs)        000F94
_TRISDbits               (abs)        000F95
_TXREG                   (abs)        000FAD
_TXSTAbits               (abs)        000FAC
_USART_Init              text3        007E06
_USART_Init$845          cstackCOMRAM 000013
_USART_Rx                text2        007DCC
_USART_Tx                text1        007DD8
__CFG_BOR$OFF            (abs)        000000
__CFG_BORV$3             (abs)        000000
__CFG_CCP2MX$ON          (abs)        000000
__CFG_CP0$OFF            (abs)        000000
__CFG_CP1$OFF            (abs)        000000
__CFG_CP2$OFF            (abs)        000000
__CFG_CP3$OFF            (abs)        000000
__CFG_CPB$OFF            (abs)        000000
__CFG_CPD$OFF            (abs)        000000
__CFG_CPUDIV$OSC1_PLL2   (abs)        000000
__CFG_EBTR0$OFF          (abs)        000000
__CFG_EBTR1$OFF          (abs)        000000
__CFG_EBTR2$OFF          (abs)        000000
__CFG_EBTR3$OFF          (abs)        000000
__CFG_EBTRB$OFF          (abs)        000000
__CFG_FCMEN$OFF          (abs)        000000
__CFG_FOSC$HS            (abs)        000000
__CFG_ICPRT$OFF          (abs)        000000
__CFG_IESO$OFF           (abs)        000000
__CFG_LPT1OSC$OFF        (abs)        000000
__CFG_LVP$OFF            (abs)        000000
__CFG_MCLRE$ON           (abs)        000000
__CFG_PBADEN$ON          (abs)        000000
__CFG_PLLDIV$1           (abs)        000000
__CFG_PWRT$ON            (abs)        000000
__CFG_STVREN$ON          (abs)        000000
__CFG_USBDIV$1           (abs)        000000
__CFG_VREGEN$OFF         (abs)        000000
__CFG_WDT$OFF            (abs)        000000
__CFG_WDTPS$32768        (abs)        000000
__CFG_WRT0$OFF           (abs)        000000
__CFG_WRT1$OFF           (abs)        000000
__CFG_WRT2$OFF           (abs)        000000
__CFG_WRT3$OFF           (abs)        000000
__CFG_WRTB$OFF           (abs)        000000
__CFG_WRTC$OFF           (abs)        000000
__CFG_WRTD$OFF           (abs)        000000
__CFG_XINST$OFF          (abs)        000000
__HRAM                   (abs)        000000
__Habs1                  abs1         000000
__Hbank0                 bank0        000000
__Hbank1                 bank1        000000
__Hbank2                 bank2        000000
__Hbank3                 bank3        000000
__Hbank4                 bank4        000000
__Hbank5                 bank5        000000
__Hbank6                 bank6        000000
__Hbank7                 bank7        000000
__Hbigbss                bigbss       000000
__Hbigdata               bigdata      000000
__Hbigram                bigram       000000
__Hbss                   bss          000000
__Hcinit                 cinit        000000
__Hclrtext               clrtext      000000
__Hcomram                comram       000000
__Hconfig                config       30000E
__Hconst                 const        000000
__HcstackCOMRAM          cstackCOMRAM 000000
__Hdata                  data         000000
__HdataCOMRAM            dataCOMRAM   000000
__Heeprom_data           eeprom_data  000000
__Hfarbss                farbss       000000
__Hfardata               fardata      000000
__Hibigdata              ibigdata     000000
__Hidata                 idata        000000
__HidataCOMRAM           idataCOMRAM  000000
__Hidloc                 idloc        200008
__Hifardata              ifardata     000000
__Hinit                  init         000004
__Hintcode               intcode      000000
__Hintcode_body          intcode_body 000000
__Hintcodelo             intcodelo    000000
__Hintentry              intentry     000000
__Hintret                intret       000000
__Hintsave_regs          intsave_regs 000000
__Hirdata                irdata       000000
__Hmediumconst           mediumconst  000000
__HnvFARRAM              nvFARRAM     000000
__Hnvbit                 nvbit        000000
__Hnvrram                nvrram       000000
__Hparam                 rparam       000000
__Hpowerup               powerup      000000
__Hram                   ram          000000
__Hramtop                ramtop       000800
__Hrbit                  rbit         000000
__Hrbss                  rbss         000000
__Hrdata                 rdata        000000
__Hreset_vec             reset_vec    000000
__Hrparam                rparam       000000
__Hsfr                   sfr          000000
__Hsmallconst            smallconst   000000
__Hspace_0               (abs)        30000E
__Hspace_1               (abs)        000024
__Hspace_2               (abs)        000000
__Hstack                 stack        000000
__Hstruct                struct       000000
__Htemp                  temp         000000
__Htext                  text         000000
__Htext0                 text0        000000
__Htext1                 text1        000000
__Htext2                 text2        000000
__Htext3                 text3        000000
__Htext4                 text4        000000
__LRAM                   (abs)        000001
__Labs1                  abs1         000000
__Lbank0                 bank0        000000
__Lbank1                 bank1        000000
__Lbank2                 bank2        000000
__Lbank3                 bank3        000000
__Lbank4                 bank4        000000
__Lbank5                 bank5        000000
__Lbank6                 bank6        000000
__Lbank7                 bank7        000000
__Lbigbss                bigbss       000000
__Lbigdata               bigdata      000000
__Lbigram                bigram       000000
__Lbss                   bss          000000
__Lcinit                 cinit        000000
__Lclrtext               clrtext      000000
__Lcomram                comram       000000
__Lconfig                config       300000
__Lconst                 const        000000
__LcstackCOMRAM          cstackCOMRAM 000000
__Ldata                  data         000000
__LdataCOMRAM            dataCOMRAM   000000
__Leeprom_data           eeprom_data  000000
__Lfarbss                farbss       000000
__Lfardata               fardata      000000
__Libigdata              ibigdata     000000
__Lidata                 idata        000000
__LidataCOMRAM           idataCOMRAM  000000
__Lidloc                 idloc        200000
__Lifardata              ifardata     000000
__Linit                  init         000000
__Lintcode               intcode      000000
__Lintcode_body          intcode_body 000000
__Lintcodelo             intcodelo    000000
__Lintentry              intentry     000000
__Lintret                intret       000000
__Lintsave_regs          intsave_regs 000000
__Lirdata                irdata       000000
__Lmediumconst           mediumconst  000000
__LnvFARRAM              nvFARRAM     000000
__Lnvbit                 nvbit        000000
__Lnvrram                nvrram       000000
__Lparam                 rparam       000000
__Lpowerup               powerup      000000
__Lram                   ram          000000
__Lramtop                ramtop       000800
__Lrbit                  rbit         000000
__Lrbss                  rbss         000000
__Lrdata                 rdata        000000
__Lreset_vec             reset_vec    000000
__Lrparam                rparam       000000
__Lsfr                   sfr          000000
__Lsmallconst            smallconst   000000
__Lspace_0               (abs)        000000
__Lspace_1               (abs)        000000
__Lspace_2               (abs)        000000
__Lstack                 stack        000000
__Lstruct                struct       000000
__Ltemp                  temp         000000
__Ltext                  text         000000
__Ltext0                 text0        000000
__Ltext1                 text1        000000
__Ltext2                 text2        000000
__Ltext3                 text3        000000
__Ltext4                 text4        000000
__S0                     (abs)        30000E
__S1                     (abs)        000024
__S2                     (abs)        000000
___aldiv                 text4        007F34
___aldiv@counter         cstackCOMRAM 000009
___aldiv@dividend        cstackCOMRAM 000001
___aldiv@divisor         cstackCOMRAM 000005
___aldiv@quotient        cstackCOMRAM 00000B
___aldiv@sign            cstackCOMRAM 00000A
___inthi_sp              stack        000000
___intlo_sp              stack        000000
___param_bank            (abs)        000000
___rparam_used           (abs)        000001
___sp                    stack        000000
__accesstop              (abs)        000060
__activetblptr           (abs)        000000
__end_of_USART_Init      text3        007E76
__end_of_USART_Rx        text2        007DD0
__end_of_USART_Tx        text1        007DE0
__end_of___aldiv         text4        008000
__end_of__initialization cinit        007E00
__end_of_main            text0        007F34
__initialization         cinit        007DE0
__mediumconst            mediumconst  000000
__pcinit                 cinit        007DE0
__pcstackCOMRAM          cstackCOMRAM 000001
__pdataCOMRAM            dataCOMRAM   00001D
__pidataCOMRAM           idataCOMRAM  007DD1
__ptext0                 text0        007E76
__ptext1                 text1        007DD8
__ptext2                 text2        007DCC
__ptext3                 text3        007E06
__ptext4                 text4        007F34
__ramtop                 ramtop       000800
__size_of_USART_Init     (abs)        000000
__size_of_USART_Rx       (abs)        000000
__size_of_USART_Tx       (abs)        000000
__size_of___aldiv        (abs)        000000
__size_of_main           (abs)        000000
__smallconst             smallconst   000000
_datos                   dataCOMRAM   00001D
_main                    text0        007E76
end_of_initialization    cinit        007E00
intlevel0                text         000000
intlevel1                text         000000
intlevel2                text         000000
intlevel3                text         000000
main@data                cstackCOMRAM 000019
main@dato                cstackCOMRAM 00001C
main@i                   cstackCOMRAM 00001A
stackhi                  (abs)        0007FF
stacklo                  (abs)        000060
start                    init         000000
start_initialization     cinit        007DE0


FUNCTION INFORMATION:

 *************** function _main *****************
 Defined at:
		line 29 in file "Programa_principal.c"
 Parameters:    Size  Location     Type
		None
 Auto vars:     Size  Location     Type
  i               2   25[COMRAM] int 
  dato            1   27[COMRAM] unsigned char 
  data            1   24[COMRAM] unsigned char 
 Return value:  Size  Location     Type
                  1    wreg      void 
 Registers used:
		wreg, fsr2l, fsr2h, status,2, status,0, cstack
 Tracked objects:
		On entry : 
		On exit  : 
		Unchanged: 
 Data sizes:     COMRAM   BANK0   BANK1   BANK2   BANK3   BANK4   BANK5   BANK6   BANK7
      Params:         0       0       0       0       0       0       0       0       0
      Locals:         4       0       0       0       0       0       0       0       0
      Temps:          2       0       0       0       0       0       0       0       0
      Totals:         6       0       0       0       0       0       0       0       0
Total ram usage:        6 bytes
 Hardware stack levels required when called:    2
 This function calls:
		_USART_Init
		_USART_Rx
		_USART_Tx
 This function is called by:
		Startup code after reset
 This function uses a non-reentrant model


 *************** function _USART_Tx *****************
 Defined at:
		line 48 in file "USART_libreria.c"
 Parameters:    Size  Location     Type
  data            1    wreg     unsigned char 
 Auto vars:     Size  Location     Type
  data            1    0[COMRAM] unsigned char 
 Return value:  Size  Location     Type
                  1    wreg      void 
 Registers used:
		wreg
 Tracked objects:
		On entry : 
		On exit  : 
		Unchanged: 
 Data sizes:     COMRAM   BANK0   BANK1   BANK2   BANK3   BANK4   BANK5   BANK6   BANK7
      Params:         0       0       0       0       0       0       0       0       0
      Locals:         1       0       0       0       0       0       0       0       0
      Temps:          0       0       0       0       0       0       0       0       0
      Totals:         1       0       0       0       0       0       0       0       0
Total ram usage:        1 bytes
 Hardware stack levels used:    1
 This function calls:
		Nothing
 This function is called by:
		_main
 This function uses a non-reentrant model


 *************** function _USART_Rx *****************
 Defined at:
		line 52 in file "USART_libreria.c"
 Parameters:    Size  Location     Type
		None
 Auto vars:     Size  Location     Type
		None
 Return value:  Size  Location     Type
                  1    wreg      unsigned char 
 Registers used:
		wreg, status,2
 Tracked objects:
		On entry : 
		On exit  : 
		Unchanged: 
 Data sizes:     COMRAM   BANK0   BANK1   BANK2   BANK3   BANK4   BANK5   BANK6   BANK7
      Params:         0       0       0       0       0       0       0       0       0
      Locals:         0       0       0       0       0       0       0       0       0
      Temps:          0       0       0       0       0       0       0       0       0
      Totals:         0       0       0       0       0       0       0       0       0
Total ram usage:        0 bytes
 Hardware stack levels used:    1
 This function calls:
		Nothing
 This function is called by:
		_main
 This function uses a non-reentrant model


 *************** function _USART_Init *****************
 Defined at:
		line 26 in file "USART_libreria.c"
 Parameters:    Size  Location     Type
  BAUD            4   14[COMRAM] long 
 Auto vars:     Size  Location     Type
		None
 Return value:  Size  Location     Type
                  1    wreg      void 
 Registers used:
		wreg, status,2, status,0, cstack
 Tracked objects:
		On entry : 
		On exit  : 
		Unchanged: 
 Data sizes:     COMRAM   BANK0   BANK1   BANK2   BANK3   BANK4   BANK5   BANK6   BANK7
      Params:         4       0       0       0       0       0       0       0       0
      Locals:         4       0       0       0       0       0       0       0       0
      Temps:          0       0       0       0       0       0       0       0       0
      Totals:         8       0       0       0       0       0       0       0       0
Total ram usage:        8 bytes
 Hardware stack levels used:    1
 Hardware stack levels required when called:    1
 This function calls:
		___aldiv
 This function is called by:
		_main
 This function uses a non-reentrant model


 *************** function ___aldiv *****************
 Defined at:
		line 8 in file "C:\Program Files (x86)\Microchip\xc8\v1.45\sources\common\aldiv.c"
 Parameters:    Size  Location     Type
  dividend        4    0[COMRAM] long 
  divisor         4    4[COMRAM] long 
 Auto vars:     Size  Location     Type
  quotient        4   10[COMRAM] long 
  sign            1    9[COMRAM] unsigned char 
  counter         1    8[COMRAM] unsigned char 
 Return value:  Size  Location     Type
                  4    0[COMRAM] long 
 Registers used:
		wreg, status,2, status,0
 Tracked objects:
		On entry : 
		On exit  : 
		Unchanged: 
 Data sizes:     COMRAM   BANK0   BANK1   BANK2   BANK3   BANK4   BANK5   BANK6   BANK7
      Params:         8       0       0       0       0       0       0       0       0
      Locals:         6       0       0       0       0       0       0       0       0
      Temps:          0       0       0       0       0       0       0       0       0
      Totals:        14       0       0       0       0       0       0       0       0
Total ram usage:       14 bytes
 Hardware stack levels used:    1
 This function calls:
		Nothing
 This function is called by:
		_USART_Init
 This function uses a non-reentrant model



MODULE INFORMATION

Module		Function		Class		Link	Load	Size
Programa_principal.c
		_main          		CODE           	7E76	0000	191

Programa_principal.c estimated size: 191

shared
		__initialization		CODE           	7DE0	0000	33

shared estimated size: 33

C:\Program Files (x86)\Microchip\xc8\v1.45\sources\common\aldiv.c
		___aldiv       		CODE           	7F34	0000	205

C:\Program Files (x86)\Microchip\xc8\v1.45\sources\common\aldiv.c estimated size: 205

USART_libreria.c
		_USART_Rx      		CODE           	7DCC	0000	5
		_USART_Tx      		CODE           	7DD8	0000	9
		_USART_Init    		CODE           	7E06	0000	113

USART_libreria.c estimated size: 127

